[2024/08/09 11:49:04] DEBUG: logger initialized
[2024/08/09 11:50:16] DEBUG: logger initialized
[2024/08/09 11:54:01] DEBUG: logger initialized
[2024/08/09 11:54:02] INFO: Logged in as Arisu Tachibana#8938
[2024/08/09 11:54:02] INFO: Set status done
[2024/08/09 11:54:02] INFO: Set nickname as 橘ありす
[2024/08/09 11:55:13] DEBUG: logger initialized
[2024/08/09 11:55:14] INFO: Logged in as Arisu Tachibana#8938
[2024/08/09 11:55:14] INFO: Set status done
[2024/08/09 11:55:14] INFO: Set nickname as 橘ありす
[2024/08/09 11:55:49] DEBUG: logger initialized
[2024/08/09 11:55:51] INFO: Logged in as Arisu Tachibana#8938
[2024/08/09 11:55:51] INFO: Set status done
[2024/08/09 11:55:51] INFO: Set nickname as 橘ありす
[2024/08/09 11:56:44] DEBUG: logger initialized
[2024/08/09 11:56:46] INFO: Logged in as Arisu Tachibana#8938
[2024/08/09 11:56:46] INFO: Set status done
[2024/08/09 11:56:46] INFO: Set nickname as 橘ありす
[2024/08/10 12:00:15] DEBUG: logger initialized
[2024/08/10 12:00:16] INFO: Logged in as Arisu Tachibana#8938
[2024/08/10 12:00:16] INFO: Set status done
[2024/08/10 12:00:16] INFO: Set nickname as 橘ありす
[2024/08/10 12:12:05] DEBUG: logger initialized
[2024/08/10 12:12:06] INFO: Logged in as Arisu Tachibana#8938
[2024/08/10 12:12:06] INFO: Set status done
[2024/08/10 12:12:06] INFO: Set nickname as 橘ありす
[2024/08/10 12:12:24] DEBUG: logger initialized
[2024/08/10 12:12:25] INFO: Logged in as Arisu Tachibana#8938
[2024/08/10 12:12:25] INFO: Set status done
[2024/08/10 12:12:25] INFO: Set nickname as 橘ありす
[2024/08/10 12:13:37] DEBUG: logger initialized
[2024/08/10 12:13:39] INFO: Logged in as Arisu Tachibana#8938
[2024/08/10 12:13:39] INFO: Set status done
[2024/08/10 12:13:39] INFO: Set nickname as 橘ありす
[2024/08/10 12:13:39] INFO: 2 commands loaded.
[2024/08/10 12:13:39] LOG: Nickname had changed in guild: 515505 Introduction to Algorithms
[2024/08/10 12:13:40] INFO: 2 commands registered.
[2024/08/10 12:13:40] INFO: Ready!
[2024/08/10 12:13:42] LOG: Service up message sent
[2024/08/10 12:19:03] DEBUG: logger initialized
[2024/08/10 12:19:05] INFO: Logged in as Arisu Tachibana#8938
[2024/08/10 12:19:05] INFO: Set status done
[2024/08/10 12:19:05] INFO: Set nickname as 橘ありす
[2024/08/10 12:19:05] INFO: 2 commands loaded.
[2024/08/10 12:19:05] LOG: Nickname had changed in guild: 515505 Introduction to Algorithms
[2024/08/10 12:19:05] INFO: 2 commands registered.
[2024/08/10 12:19:05] INFO: Ready!
[2024/08/10 12:19:06] LOG: Service up message sent
[2024/08/10 12:23:38] DEBUG: logger initialized
[2024/08/10 12:23:39] INFO: Logged in as Arisu Tachibana#8938
[2024/08/10 12:23:39] INFO: Set status done
[2024/08/10 12:23:39] INFO: Set nickname as 橘ありす
[2024/08/10 12:23:39] INFO: 2 commands loaded.
[2024/08/10 12:23:40] LOG: Nickname had changed in guild: 515505 Introduction to Algorithms
[2024/08/10 12:23:40] INFO: 2 commands registered.
[2024/08/10 12:23:40] INFO: Ready!
[2024/08/10 12:23:40] LOG: Service up message sent
[2024/08/10 12:26:04] DEBUG: logger initialized
[2024/08/10 12:26:05] INFO: Logged in as Arisu Tachibana#8938
[2024/08/10 12:26:05] INFO: Set status done
[2024/08/10 12:26:05] INFO: Set nickname as 橘ありす
[2024/08/10 12:26:06] INFO: 2 commands loaded.
[2024/08/10 12:26:06] LOG: Nickname had changed in guild: 515505 Introduction to Algorithms
[2024/08/10 12:26:07] INFO: 2 commands registered.
[2024/08/10 12:26:07] INFO: Ready!
[2024/08/10 12:26:08] LOG: Service up message sent
[2024/08/10 12:27:02] DEBUG: logger initialized
[2024/08/10 12:27:04] INFO: Logged in as Arisu Tachibana#8938
[2024/08/10 12:27:04] INFO: Set status done
[2024/08/10 12:27:04] INFO: Set nickname as 橘ありす
[2024/08/10 12:27:36] DEBUG: logger initialized
[2024/08/10 12:27:37] INFO: Logged in as Arisu Tachibana#8938
[2024/08/10 12:27:37] INFO: Set status done
[2024/08/10 12:27:37] INFO: Set nickname as 橘ありす
[2024/08/10 12:28:50] DEBUG: logger initialized
[2024/08/10 12:28:52] INFO: Logged in as Arisu Tachibana#8938
[2024/08/10 12:28:52] INFO: Set status done
[2024/08/10 12:28:52] INFO: Set nickname as 橘ありす
[2024/08/10 12:28:52] INFO: 2 commands loaded.
[2024/08/10 12:28:53] LOG: Nickname had changed in guild: 515505 Introduction to Algorithms
[2024/08/10 12:28:53] INFO: 2 commands registered.
[2024/08/10 12:28:53] INFO: Ready!
[2024/08/10 12:28:53] LOG: Service up message sent
[2024/08/10 12:29:59] DEBUG: logger initialized
[2024/08/10 12:30:01] INFO: Logged in as Arisu Tachibana#8938
[2024/08/10 12:30:01] INFO: Set status done
[2024/08/10 12:30:01] INFO: Set nickname as 橘ありす
[2024/08/10 12:30:14] DEBUG: logger initialized
[2024/08/10 12:30:15] INFO: Logged in as Arisu Tachibana#8938
[2024/08/10 12:30:15] INFO: Set status done
[2024/08/10 12:30:15] INFO: Set nickname as 橘ありす
[2024/08/10 12:30:15] INFO: 2 commands loaded.
[2024/08/10 12:30:16] LOG: Nickname had changed in guild: 515505 Introduction to Algorithms
[2024/08/10 12:30:16] INFO: 2 commands registered.
[2024/08/10 12:30:16] INFO: Ready!
[2024/08/10 12:30:17] LOG: Service up message sent
[2024/08/10 12:31:25] DEBUG: logger initialized
[2024/08/10 12:31:26] INFO: Logged in as Arisu Tachibana#8938
[2024/08/10 12:31:26] INFO: Set status done
[2024/08/10 12:31:26] INFO: Set nickname as 橘ありす
[2024/08/10 12:31:26] INFO: 2 commands loaded.
[2024/08/10 12:31:27] LOG: Nickname had changed in guild: 515505 Introduction to Algorithms
[2024/08/10 12:31:27] INFO: 2 commands registered.
[2024/08/10 12:31:27] INFO: Ready!
[2024/08/10 12:31:28] LOG: Service up message sent
[2024/08/10 12:32:46] DEBUG: logger initialized
[2024/08/10 12:32:49] INFO: Logged in as Arisu Tachibana#8938
[2024/08/10 12:32:49] INFO: Set status done
[2024/08/10 12:32:49] INFO: Set nickname as 橘ありす
[2024/08/10 12:33:08] DEBUG: logger initialized
[2024/08/10 12:33:09] INFO: Logged in as Arisu Tachibana#8938
[2024/08/10 12:33:09] INFO: Set status done
[2024/08/10 12:33:09] INFO: Set nickname as 橘ありす
[2024/08/10 12:33:10] INFO: 2 commands loaded.
[2024/08/10 12:33:10] INFO: 2 commands registered.
[2024/08/10 12:33:10] INFO: Ready!
[2024/08/10 12:33:10] LOG: Nickname had changed in guild: 515505 Introduction to Algorithms
[2024/08/10 12:33:11] LOG: Service up message sent
[2024/08/10 12:33:13] DEBUG: fetch done
[2024/08/10 12:36:56] DEBUG: logger initialized
[2024/08/10 12:36:58] INFO: Logged in as Arisu Tachibana#8938
[2024/08/10 12:36:58] INFO: Set status done
[2024/08/10 12:36:58] INFO: Set nickname as 橘ありす
[2024/08/10 12:37:28] DEBUG: logger initialized
[2024/08/10 12:37:29] INFO: Logged in as Arisu Tachibana#8938
[2024/08/10 12:37:29] INFO: Set status done
[2024/08/10 12:37:29] INFO: Set nickname as 橘ありす
[2024/08/10 12:39:51] DEBUG: logger initialized
[2024/08/10 12:39:53] INFO: Logged in as Arisu Tachibana#8938
[2024/08/10 12:39:53] INFO: Set status done
[2024/08/10 12:39:53] INFO: Set nickname as 橘ありす
[2024/08/10 12:39:53] INFO: 2 commands loaded.
[2024/08/10 12:39:53] LOG: Nickname had changed in guild: 515505 Introduction to Algorithms
[2024/08/10 12:39:53] INFO: 2 commands registered.
[2024/08/10 12:39:53] INFO: Ready!
[2024/08/10 12:39:54] LOG: Service up message sent
[2024/08/10 12:40:00] DEBUG: fetch done
[2024/08/10 12:40:00] LOG: role <@&1271494006790164591> has been added to <@961518876468854834>.
[2024/08/10 12:40:00] LOG: role <@&1271494006790164591> has been added to <@613384625015750676>.
[2024/08/10 12:40:01] LOG: role <@&1271494006790164591> has been added to <@685708318794055730>.
[2024/08/10 12:40:01] LOG: role <@&1271494006790164591> has been added to <@1123677770292142080>.
[2024/08/10 12:40:01] LOG: role <@&1271494006790164591> has been added to <@305681867716165634>.
[2024/08/10 12:40:02] LOG: role <@&1271494006790164591> has been added to <@744459308070338603>.
[2024/08/10 12:40:02] LOG: role <@&1271494006790164591> has been added to <@861179310911389726>.
[2024/08/10 12:40:02] LOG: role <@&1271494006790164591> has been added to <@844995996982181959>.
[2024/08/10 12:40:03] LOG: role <@&1271494006790164591> has been added to <@667264898090401792>.
[2024/08/10 12:40:03] LOG: role <@&1271494006790164591> has been added to <@860338813870800907>.
[2024/08/10 12:40:10] LOG: role <@&1271494006790164591> has been added to <@1142335432655384697>.
[2024/08/10 12:40:11] LOG: role <@&1271494006790164591> has been added to <@858188580051877888>.
[2024/08/10 12:40:11] LOG: role <@&1271494006790164591> has been added to <@934626036312834128>.
[2024/08/10 12:40:11] LOG: role <@&1271494006790164591> has been added to <@787253311127420930>.
[2024/08/10 12:40:12] LOG: role <@&1271494006790164591> has been added to <@615045596893675521>.
[2024/08/10 12:40:12] LOG: role <@&1271494006790164591> has been added to <@938034817864462427>.
[2024/08/10 12:40:12] LOG: role <@&1271494006790164591> has been added to <@428152098698428416>.
[2024/08/10 12:40:13] LOG: role <@&1271494006790164591> has been added to <@734416971973656656>.
[2024/08/10 12:40:13] LOG: role <@&1271494006790164591> has been added to <@675514494125998090>.
[2024/08/10 12:40:14] LOG: role <@&1271494006790164591> has been added to <@729310749939335209>.
[2024/08/10 12:40:21] LOG: role <@&1271494006790164591> has been added to <@592948702981914647>.
[2024/08/10 12:40:21] LOG: role <@&1271494006790164591> has been added to <@935532811945906258>.
[2024/08/10 12:40:22] LOG: role <@&1271494006790164591> has been added to <@1162354199833608302>.
[2024/08/10 12:40:22] LOG: role <@&1271494006790164591> has been added to <@614327666320998403>.
[2024/08/10 12:40:22] LOG: role <@&1271494006790164591> has been added to <@983339185857523762>.
[2024/08/10 12:40:23] LOG: role <@&1271494006790164591> has been added to <@1155696970271293441>.
[2024/08/10 12:40:23] LOG: role <@&1271494006790164591> has been added to <@812244044633079820>.
[2024/08/10 12:40:24] LOG: role <@&1271494006790164591> has been added to <@1016886484478992504>.
[2024/08/10 12:40:24] LOG: role <@&1271494006790164591> has been added to <@721350642735513641>.
[2024/08/10 12:40:24] LOG: role <@&1271494006790164591> has been added to <@1162060416067837985>.
[2024/08/10 12:40:31] LOG: role <@&1271494006790164591> has been added to <@594021767001931788>.
[2024/08/10 12:40:32] LOG: role <@&1271494006790164591> has been added to <@964453712930160651>.
[2024/08/10 12:40:32] LOG: role <@&1271494006790164591> has been added to <@1000749536123297894>.
[2024/08/10 12:40:32] LOG: role <@&1271494006790164591> has been added to <@883268965768503367>.
[2024/08/10 12:40:33] LOG: role <@&1271494006790164591> has been added to <@1009479864258154500>.
[2024/08/10 12:40:33] LOG: role <@&1271494006790164591> has been added to <@569505773420544011>.
[2024/08/10 12:40:33] LOG: role <@&1271494006790164591> has been added to <@847412476562636811>.
[2024/08/10 12:40:34] LOG: role <@&1271494006790164591> has been added to <@485672651365548036>.
[2024/08/10 12:40:34] LOG: role <@&1271494006790164591> has been added to <@1153607738690113588>.
[2024/08/10 12:40:34] LOG: role <@&1271494006790164591> has been added to <@591653977654034453>.
[2024/08/10 12:40:42] LOG: role <@&1271494006790164591> has been added to <@614099250288132306>.
[2024/08/10 12:40:42] LOG: role <@&1271494006790164591> has been added to <@1161697537833574460>.
[2024/08/10 12:40:42] LOG: role <@&1271494006790164591> has been added to <@832091819185668156>.
[2024/08/10 12:40:43] LOG: role <@&1271494006790164591> has been added to <@617615623484080139>.
[2024/08/10 12:40:43] LOG: role <@&1271494006790164591> has been added to <@1074286090892091423>.
[2024/08/10 12:40:43] LOG: role <@&1271494006790164591> has been added to <@375661678706294786>.
[2024/08/10 12:40:44] LOG: role <@&1271494006790164591> has been added to <@401098991422406666>.
[2024/08/10 12:40:44] LOG: role <@&1271494006790164591> has been added to <@674645791448760341>.
[2024/08/10 12:40:44] LOG: role <@&1271494006790164591> has been added to <@657883658258087958>.
[2024/08/10 12:40:45] LOG: role <@&1271494006790164591> has been added to <@1162977191936667668>.
[2024/08/10 12:40:52] LOG: role <@&1271494006790164591> has been added to <@627459280043376689>.
[2024/08/10 12:40:53] LOG: role <@&1271494006790164591> has been added to <@1095704245547831337>.
[2024/08/10 12:40:53] LOG: role <@&1271494006790164591> has been added to <@967945179724124260>.
[2024/08/10 12:40:54] LOG: role <@&1271494006790164591> has been added to <@597740974126530560>.
[2024/08/10 12:40:54] LOG: role <@&1271494006790164591> has been added to <@1161616531030024194>.
[2024/08/10 12:40:54] LOG: role <@&1271494006790164591> has been added to <@987199159100653578>.
[2024/08/10 12:40:55] LOG: role <@&1271494006790164591> has been added to <@662657032624537611>.
[2024/08/10 12:40:55] LOG: role <@&1271494006790164591> has been added to <@672807641457623061>.
[2024/08/10 12:40:55] LOG: role <@&1271494006790164591> has been added to <@956532433346502717>.
[2024/08/10 12:40:56] LOG: role <@&1271494006790164591> has been added to <@1103900931529117748>.
[2024/08/10 12:41:03] LOG: role <@&1271494006790164591> has been added to <@864847443656048680>.
[2024/08/10 12:41:03] LOG: role <@&1271494006790164591> has been added to <@547441899397709844>.
[2024/08/10 12:41:03] LOG: role <@&1271494006790164591> has been added to <@822103759571779594>.
[2024/08/10 12:41:04] LOG: role <@&1271494006790164591> has been added to <@1271472083708416112>.
[2024/08/10 12:41:04] LOG: role <@&1271494006790164591> has been added to <@815994741568962581>.
[2024/08/10 12:41:04] LOG: role <@&1271494006790164591> has been added to <@1143136307422449749>.
[2024/08/10 12:41:05] LOG: role <@&1271494006790164591> has been added to <@680330196192067586>.
[2024/08/10 12:41:05] LOG: role <@&1271494006790164591> has been added to <@782991782182518844>.
[2024/08/10 12:41:06] LOG: role <@&1271494006790164591> has been added to <@900023827961110558>.
[2024/08/10 12:41:06] LOG: role <@&1271494006790164591> has been added to <@411473927676887041>.
[2024/08/10 12:41:13] LOG: role <@&1271494006790164591> has been added to <@615116646562136095>.
[2024/08/10 12:41:14] LOG: role <@&1271494006790164591> has been added to <@845594993128636416>.
[2024/08/10 12:41:14] LOG: role <@&1271494006790164591> has been added to <@1141075118773260340>.
[2024/08/10 12:41:14] LOG: role <@&1271494006790164591> has been added to <@473004875958059018>.
[2024/08/10 12:41:15] LOG: role <@&1271494006790164591> has been added to <@933551818041069638>.
[2024/08/10 12:41:15] LOG: role <@&1271494006790164591> has been added to <@295025346007531522>.
[2024/08/10 12:41:16] LOG: role <@&1271494006790164591> has been added to <@848125268311801877>.
[2024/08/10 12:41:16] LOG: role <@&1271494006790164591> has been added to <@1162533033027571752>.
[2024/08/10 12:41:17] LOG: role <@&1271494006790164591> has been added to <@1003936827893358702>.
[2024/08/10 12:41:17] LOG: role <@&1271494006790164591> has been added to <@1152976646664626266>.
[2024/08/10 12:41:24] LOG: role <@&1271494006790164591> has been added to <@1083284992584593469>.
[2024/08/10 12:41:24] LOG: role <@&1271494006790164591> has been added to <@867001291125555221>.
[2024/08/10 12:41:24] LOG: role <@&1271494006790164591> has been added to <@672459818463658014>.
[2024/08/10 12:41:25] LOG: role <@&1271494006790164591> has been added to <@964439789703163916>.
[2024/08/10 12:41:25] LOG: role <@&1271494006790164591> has been added to <@270547213686407169>.
[2024/08/10 12:41:25] LOG: role <@&1271494006790164591> has been added to <@550916927829180417>.
[2024/08/10 12:41:26] LOG: role <@&1271494006790164591> has been added to <@548476338034442261>.
[2024/08/10 12:41:26] LOG: role <@&1271494006790164591> has been added to <@556450878740234250>.
[2024/08/10 12:41:26] LOG: role <@&1271494006790164591> has been added to <@1161662275967524976>.
[2024/08/10 12:41:26] LOG: role <@&1271494006790164591> has been added to <@795325723674017803>.
[2024/08/10 12:41:34] LOG: role <@&1271494006790164591> has been added to <@1161927840900591638>.
[2024/08/10 12:41:34] LOG: role <@&1271494006790164591> has been added to <@1157346924907741194>.
[2024/08/10 12:41:35] LOG: role <@&1271494006790164591> has been added to <@715891361580187731>.
[2024/08/10 12:41:35] LOG: role <@&1271494006790164591> has been added to <@699924038935511120>.
[2024/08/10 12:41:35] LOG: role <@&1271494006790164591> has been added to <@1159072165518377050>.
[2024/08/10 12:41:36] LOG: role <@&1271494006790164591> has been added to <@865225193893789716>.
[2024/08/10 12:41:36] LOG: role <@&1271494006790164591> has been added to <@413161665207730176>.
[2024/08/10 12:41:36] LOG: role <@&1271494006790164591> has been added to <@679649185959903232>.
[2024/08/10 12:41:37] LOG: role <@&1271494006790164591> has been added to <@897333700969259049>.
[2024/08/10 12:41:37] LOG: role <@&1271494006790164591> has been added to <@772108261948260362>.
[2024/08/10 12:41:44] LOG: role <@&1271494006790164591> has been added to <@1039977173748031578>.
[2024/08/10 12:41:45] LOG: role <@&1271494006790164591> has been added to <@1091674237242187776>.
[2024/08/10 12:41:45] LOG: role <@&1271494006790164591> has been added to <@750335207302758482>.
[2024/08/10 12:41:45] LOG: role <@&1271494006790164591> has been added to <@762206098328780802>.
[2024/08/10 12:41:46] LOG: role <@&1271494006790164591> has been added to <@844790040127078431>.
[2024/08/10 12:41:46] LOG: role <@&1271494006790164591> has been added to <@729348480858062858>.
[2024/08/10 12:41:46] LOG: role <@&1271494006790164591> has been added to <@1080513895489351710>.
[2024/08/10 12:41:47] LOG: role <@&1271494006790164591> has been added to <@1103997067522752564>.
[2024/08/10 12:41:47] LOG: role <@&1271494006790164591> has been added to <@308074302387912707>.
[2024/08/10 12:41:48] LOG: role <@&1271494006790164591> has been added to <@677147761707057182>.
[2024/08/10 12:41:55] LOG: role <@&1271494006790164591> has been added to <@652441757794959402>.
[2024/08/10 12:41:55] LOG: role <@&1271494006790164591> has been added to <@332494471369588736>.
[2024/08/10 12:41:56] LOG: role <@&1271494006790164591> has been added to <@622274233690488840>.
[2024/08/10 12:41:56] LOG: role <@&1271494006790164591> has been added to <@755690094928724008>.
[2024/08/10 12:41:56] LOG: role <@&1271494006790164591> has been added to <@609747782701416479>.
[2024/08/10 12:41:57] LOG: role <@&1271494006790164591> has been added to <@601827725489209374>.
[2024/08/10 12:41:57] LOG: role <@&1271494006790164591> has been added to <@1161649565699686521>.
[2024/08/10 12:41:57] LOG: role <@&1271494006790164591> has been added to <@510634003871825930>.
[2024/08/10 12:41:58] LOG: role <@&1271494006790164591> has been added to <@585441509189615616>.
[2024/08/10 12:41:58] LOG: role <@&1271494006790164591> has been added to <@715198881742323733>.
[2024/08/10 12:42:05] LOG: role <@&1271494006790164591> has been added to <@436538215055360000>.
[2024/08/10 12:42:06] LOG: role <@&1271494006790164591> has been added to <@640380511079890954>.
[2024/08/10 12:42:06] LOG: role <@&1271494006790164591> has been added to <@1174653577701118052>.
[2024/08/10 12:42:06] LOG: role <@&1271494006790164591> has been added to <@501003971985670145>.
[2024/08/10 12:42:07] LOG: role <@&1271494006790164591> has been added to <@698779304405762048>.
[2024/08/10 12:42:07] LOG: role <@&1271494006790164591> has been added to <@1161948635332882452>.
[2024/08/10 12:42:07] LOG: role <@&1271494006790164591> has been added to <@650476569352994827>.
[2024/08/10 12:42:08] LOG: role <@&1271494006790164591> has been added to <@681386813323083834>.
[2024/08/10 12:42:08] LOG: role <@&1271494006790164591> has been added to <@618448650212737046>.
[2024/08/10 12:42:08] LOG: role <@&1271494006790164591> has been added to <@683212307337052161>.
[2024/08/10 12:42:16] LOG: role <@&1271494006790164591> has been added to <@1160909291331526717>.
[2024/08/10 12:42:16] LOG: role <@&1271494006790164591> has been added to <@270846363313504256>.
[2024/08/10 12:42:16] LOG: role <@&1271494006790164591> has been added to <@991356461043175465>.
[2024/08/10 12:42:17] LOG: role <@&1271494006790164591> has been added to <@1163889140723630141>.
[2024/08/10 12:44:44] DEBUG: logger initialized
[2024/08/10 12:44:45] INFO: Logged in as Arisu Tachibana#8938
[2024/08/10 12:44:45] INFO: Set status done
[2024/08/10 12:44:45] INFO: Set nickname as 橘ありす
[2024/08/10 12:44:45] INFO: 2 commands loaded.
[2024/08/10 12:44:46] LOG: Nickname had changed in guild: 515505 Introduction to Algorithms
[2024/08/10 12:44:46] INFO: 2 commands registered.
[2024/08/10 12:44:46] INFO: Ready!
[2024/08/10 12:44:47] LOG: Service up message sent
[2024/08/10 12:46:55] LOG: <@334203095179591684> has been given role.
